---
source: tests/help.rs
expression: screen(&app)
---
"Title                                                                           "
"━━━━┌ help ────────────────────────────────────────────────────────────────┐━━━━"
"    │/ filter   q close                                                    │    "
"See │General                                                               │    "
"    │  g?                show this help                                    │    "
"    │  :                 command line                                      │    "
"    │  q                 quit                                              │    "
"    │  ZZ                quit                                              │    "
"    │  C-l               refresh: re-read file and tree, redraw            │    "
"    │  gR                toggle the raw source view                        │    "
"    │Motions                                                               │    "
"    │  h, Left           left                                              │    "
"    │  l, Right          right                                             │    "
"    │  j, Down           down                                              │    "
"    │  k, Up             up                                                │    "
"    │  w                 next word                                         │    "
"    │  b                 previous word                                     │    "
"    │  e                 end of word                                       │    "
"    │  0, Home           start of line                                     │    "
"    │  $, End            end of line                                       │    "
"    │  }                 next paragraph                                    │    "
"    └──────────────────────────────────────────────────────────────────────┘    "
"                                                                                "
" doc.md                                                     g? help —  All  ← 0 "
