---
source: tests/raw.rs
expression: screen(&app)
---
"# Title                                                     "
"                                                            "
"Some **bold** text and a [link](b.md) here.                 "
"                                                            "
"- item one                                                  "
"- item    two                                               "
"                                                            "
"                                                            "
"                                                            "
"                                                            "
"                                                            "
" a.md                              g? help RAW  —  All  ← 0 "
